[]gorm.Author{
	{
		Model: gorm.Model{
			ID: 1,
			DeletedAt: gorm.DeletedAt{
				Valid: true,
			},
		},
		Name: "Author 1",
		Books: []*gorm.Book{
			{
				Model: gorm.Model{ID: 1},
				Title: "Book 1",
			},
			{
				Model: gorm.Model{ID: 2},
				Title: "Book 2",
			},
		},
	},
	{
		Model: gorm.Model{
			ID:        2,
			DeletedAt: gorm.DeletedAt{Valid: true},
		},
		Name: "Author 2",
		Books: []*gorm.Book{{
			Model: gorm.Model{ID: 2},
			Title: "Book 2",
		}},
	},
	{
		Model: gorm.Model{
			ID:        3,
			DeletedAt: gorm.DeletedAt{Valid: true},
		},
		Name: "Author 3",
		Books: []*gorm.Book{{
			Model: gorm.Model{ID: 3},
			Title: "Book 3",
		}},
	},
	{
		Model: gorm.Model{
			ID:        4,
			DeletedAt: gorm.DeletedAt{Valid: true},
		},
		Name:  "Author test",
		Books: []*gorm.Book{},
	},
}
